Godot Engine v4.7.stable.official.5b4e0cb0f - https://godotengine.org

[   0% ] [90m[1mfirst_scan_filesystem[22m | Started Project initialization (5 steps)[39m[0m
[   0% ] [90m[1mfirst_scan_filesystem[22m | Scanning file structure...[39m[0m
[  16% ] [90m[1mfirst_scan_filesystem[22m | Loading global class names...[39m[0m
[  33% ] [90m[1mfirst_scan_filesystem[22m | Verifying GDExtensions...[39m[0m
[  50% ] [90m[1mfirst_scan_filesystem[22m | Creating autoload scripts...[39m[0m
[  66% ] [90m[1mfirst_scan_filesystem[22m | Initializing plugins...[39m[0m
[  83% ] [90m[1mfirst_scan_filesystem[22m | Starting file scan...[39m[0m
[92m[ DONE ][39m [1mfirst_scan_filesystem[22m
[0m
[   0% ] [90m[1mupdate_scripts_classes[22m | Started Registering global classes... (5 steps)[39m[0m
[   0% ] [90m[1mupdate_scripts_classes[22m | Art[39m[0m
[  16% ] [90m[1mupdate_scripts_classes[22m | CutawayHouse[39m[0m
[  33% ] [90m[1mupdate_scripts_classes[22m | [39m[0m
[  50% ] [90m[1mupdate_scripts_classes[22m | [39m[0m
[  66% ] [90m[1mupdate_scripts_classes[22m | WorldBuilder[39m[0m
[92m[ DONE ][39m [1mupdate_scripts_classes[22m
[0m
[   0% ] [90m[1m_update_scan_actions[22m | Started Scanning actions... (29 steps)[39m[0m
[   0% ] [90m[1m_update_scan_actions[22m | bark_color.jpg[39m[0m
[   3% ] [90m[1m_update_scan_actions[22m | bark_normal.jpg[39m[0m
[   6% ] [90m[1m_update_scan_actions[22m | bark_rough.jpg[39m[0m
[  10% ] [90m[1m_update_scan_actions[22m | earth_color.jpg[39m[0m
[  13% ] [90m[1m_update_scan_actions[22m | earth_normal.jpg[39m[0m
[  16% ] [90m[1m_update_scan_actions[22m | earth_rough.jpg[39m[0m
[  20% ] [90m[1m_update_scan_actions[22m | masonry_color.jpg[39m[0m
[  23% ] [90m[1m_update_scan_actions[22m | masonry_normal.jpg[39m[0m
[  26% ] [90m[1m_update_scan_actions[22m | masonry_rough.jpg[39m[0m
[  30% ] [90m[1m_update_scan_actions[22m | road_color.jpg[39m[0m
[  33% ] [90m[1m_update_scan_actions[22m | road_normal.jpg[39m[0m
[  36% ] [90m[1m_update_scan_actions[22m | road_rough.jpg[39m[0m
[  40% ] [90m[1m_update_scan_actions[22m | roof_color.jpg[39m[0m
[  43% ] [90m[1m_update_scan_actions[22m | roof_normal.jpg[39m[0m
[  46% ] [90m[1m_update_scan_actions[22m | roof_rough.jpg[39m[0m
[  50% ] [90m[1m_update_scan_actions[22m | timber_color.jpg[39m[0m
[  53% ] [90m[1m_update_scan_actions[22m | timber_normal.jpg[39m[0m
[  56% ] [90m[1m_update_scan_actions[22m | timber_rough.jpg[39m[0m
[  60% ] [90m[1m_update_scan_actions[22m | before-interior.png[39m[0m
[  63% ] [90m[1m_update_scan_actions[22m | before-village.png[39m[0m
[  66% ] [90m[1m_update_scan_actions[22m | independent-review-01-village.png[39m[0m
[  70% ] [90m[1m_update_scan_actions[22m | independent-review-02-interior.png[39m[0m
[  73% ] [90m[1m_update_scan_actions[22m | independent-review-03-quest-offer.png[39m[0m
[  76% ] [90m[1m_update_scan_actions[22m | independent-review-04-second-house.png[39m[0m
[  80% ] [90m[1m_update_scan_actions[22m | independent-review-05-sword-combat.png[39m[0m
[  83% ] [90m[1m_update_scan_actions[22m | independent-review-06-sanctuary.png[39m[0m
[  86% ] [90m[1m_update_scan_actions[22m | independent-review-07-ember-seed.png[39m[0m
[  90% ] [90m[1m_update_scan_actions[22m | independent-review-08-completed.png[39m[0m
[  93% ] [90m[1m_update_scan_actions[22m | independent-review-09-final-village.png[39m[0m
[92m[ DONE ][39m [1m_update_scan_actions[22m
[0m
[   0% ] [90m[1mreimport[22m | Started (Re)Importing Assets (29 steps)[39m[0m
[   0% ] [90m[1mreimport[22m | Preparing files to reimport...[39m[0m
[   3% ] [90m[1mreimport[22m | Preparing files to reimport...[39m[0m
[   6% ] [90m[1mreimport[22m | Preparing files to reimport...[39m[0m
[  10% ] [90m[1mreimport[22m | Preparing files to reimport...[39m[0m
[  13% ] [90m[1mreimport[22m | Preparing files to reimport...[39m[0m
[  16% ] [90m[1mreimport[22m | Preparing files to reimport...[39m[0m
[  20% ] [90m[1mreimport[22m | Preparing files to reimport...[39m[0m
[  23% ] [90m[1mreimport[22m | Preparing files to reimport...[39m[0m
[  26% ] [90m[1mreimport[22m | Preparing files to reimport...[39m[0m
[  30% ] [90m[1mreimport[22m | Preparing files to reimport...[39m[0m
[  33% ] [90m[1mreimport[22m | Preparing files to reimport...[39m[0m
[  36% ] [90m[1mreimport[22m | Preparing files to reimport...[39m[0m
[  40% ] [90m[1mreimport[22m | Preparing files to reimport...[39m[0m
[  43% ] [90m[1mreimport[22m | Preparing files to reimport...[39m[0m
[  46% ] [90m[1mreimport[22m | Preparing files to reimport...[39m[0m
[  50% ] [90m[1mreimport[22m | Preparing files to reimport...[39m[0m
[  53% ] [90m[1mreimport[22m | Preparing files to reimport...[39m[0m
[  56% ] [90m[1mreimport[22m | Preparing files to reimport...[39m[0m
[  60% ] [90m[1mreimport[22m | Preparing files to reimport...[39m[0m
[  63% ] [90m[1mreimport[22m | Preparing files to reimport...[39m[0m
[  66% ] [90m[1mreimport[22m | Preparing files to reimport...[39m[0m
[  70% ] [90m[1mreimport[22m | Preparing files to reimport...[39m[0m
[  73% ] [90m[1mreimport[22m | Preparing files to reimport...[39m[0m
[  76% ] [90m[1mreimport[22m | Preparing files to reimport...[39m[0m
[  80% ] [90m[1mreimport[22m | Preparing files to reimport...[39m[0m
[  83% ] [90m[1mreimport[22m | Preparing files to reimport...[39m[0m
[  86% ] [90m[1mreimport[22m | Preparing files to reimport...[39m[0m
[  90% ] [90m[1mreimport[22m | Preparing files to reimport...[39m[0m
[  93% ] [90m[1mreimport[22m | Preparing files to reimport...[39m[0m
[   0% ] [90m[1mreimport[22m | Executing pre-reimport operations...[39m[0m
[   0% ] [90m[1mreimport[22m | independent-review-09-final-village.png[39m[0m
[   3% ] [90m[1mreimport[22m | independent-review-08-completed.png[39m[0m
[   6% ] [90m[1mreimport[22m | independent-review-07-ember-seed.png[39m[0m
[  10% ] [90m[1mreimport[22m | independent-review-06-sanctuary.png[39m[0m
[  13% ] [90m[1mreimport[22m | independent-review-05-sword-combat.png[39m[0m
[  16% ] [90m[1mreimport[22m | independent-review-04-second-house.png[39m[0m
[  20% ] [90m[1mreimport[22m | independent-review-03-quest-offer.png[39m[0m
[  23% ] [90m[1mreimport[22m | independent-review-02-interior.png[39m[0m
[  26% ] [90m[1mreimport[22m | independent-review-01-village.png[39m[0m
[  30% ] [90m[1mreimport[22m | before-village.png[39m[0m
[  33% ] [90m[1mreimport[22m | before-interior.png[39m[0m
[  36% ] [90m[1mreimport[22m | timber_rough.jpg[39m[0m
[  40% ] [90m[1mreimport[22m | timber_normal.jpg[39m[0m
[  43% ] [90m[1mreimport[22m | timber_color.jpg[39m[0m
[  46% ] [90m[1mreimport[22m | roof_rough.jpg[39m[0m
[  50% ] [90m[1mreimport[22m | roof_normal.jpg[39m[0m
[  53% ] [90m[1mreimport[22m | roof_color.jpg[39m[0m
[  56% ] [90m[1mreimport[22m | road_rough.jpg[39m[0m
[  60% ] [90m[1mreimport[22m | road_normal.jpg[39m[0m
[  63% ] [90m[1mreimport[22m | road_color.jpg[39m[0m
[  66% ] [90m[1mreimport[22m | masonry_rough.jpg[39m[0m
[  70% ] [90m[1mreimport[22m | masonry_normal.jpg[39m[0m
[  73% ] [90m[1mreimport[22m | masonry_color.jpg[39m[0m
[  76% ] [90m[1mreimport[22m | earth_rough.jpg[39m[0m
[  80% ] [90m[1mreimport[22m | earth_normal.jpg[39m[0m
[  83% ] [90m[1mreimport[22m | earth_color.jpg[39m[0m
[  86% ] [90m[1mreimport[22m | bark_rough.jpg[39m[0m
[  90% ] [90m[1mreimport[22m | bark_normal.jpg[39m[0m
[  93% ] [90m[1mreimport[22m | bark_color.jpg[39m[0m
[  96% ] [90m[1mreimport[22m | Finalizing Asset Import...[39m[0m
[92m[ DONE ][39m [1mreimport[22m
[0m
[   0% ] [90m[1mreimport[22m | Started (Re)Importing Assets (29 steps)[39m[0m
[   0% ] [90m[1mreimport[22m | Executing post-reimport operations...[39m[0m
[92m[ DONE ][39m [1mreimport[22m
[0m
[   0% ] [90m[1mloading_editor_layout[22m | Started Loading editor (5 steps)[39m[0m
[   0% ] [90m[1mloading_editor_layout[22m | Loading editor layout...[39m[0m
[  16% ] [90m[1mloading_editor_layout[22m | Loading docks...[39m[0m
[92m[ DONE ][39m [1mloading_editor_layout[22m
[0m
