Godot Engine v4.7.stable.official.5b4e0cb0f - https://godotengine.org
OpenGL API 4.1 Metal - 90.5 - Compatibility - Using Device: Apple - Apple M4 Pro

VERIFY PASS Fresh launch starts with full health and no quest
VERIFY PASS Western house entered through physical doorway
VERIFY PASS Roof and front walls disappear indoors
VERIFY PASS NPC dialogue opens through E action
VERIFY PASS Quest accepted through dialogue
VERIFY PASS Western roof restores after leaving
VERIFY PASS Second house is accessible and cuts away
VERIFY PASS Second NPC has working dialogue
VERIFY PASS Second roof restores on exit
VERIFY PASS Town gate connects seamlessly to overworld
VERIFY PASS Pause blocks movement
VERIFY PASS Sword defeats a live enemy
VERIFY FAIL Bow projectiles damage and defeat enemies
VERIFY PASS Enemy loot can be collected
VERIFY FAIL Quest object is collected after clearing guardians
VERIFY FAIL Quest completes and grants reward
VERIFY PASS Repeated entry and exit restores all cutaway parts
VERIFY PASS No stuck attack state
VERIFY FAIL Entire quest completed without death
VERIFY PASS Physical route traversed over 120 meters
VERIFICATION FINISHED: FAIL
